// Jest Snapshot v1, https://goo.gl/fbAQLP

exports[`match MenuAndCart Snapshot 1`] = `
<div
  className="container"
>
  <div
    className="menu-container"
  >
    <h2>
      - Menu -
    </h2>
    Food
    <ol
      className="menu-item"
    >
      <li
        className="menu-item"
      >
        Beef
        <button
          className="add-cart"
          onClick={[Function]}
        >
          add
        </button>
      </li>
      <li
        className="menu-item"
      >
        Hot Dog
        <button
          className="add-cart"
          onClick={[Function]}
        >
          add
        </button>
      </li>
      <li
        className="menu-item"
      >
        Noodle
        <button
          className="add-cart"
          onClick={[Function]}
        >
          add
        </button>
      </li>
    </ol>
    Drink
    <ol
      className="menu-item"
    >
      <li
        className="menu-item"
      >
        Black Tea
        <button
          className="add-cart"
          onClick={[Function]}
        >
          add
        </button>
      </li>
      <li
        className="menu-item"
      >
        Green Tea
        <button
          className="add-cart"
          onClick={[Function]}
        >
          add
        </button>
      </li>
      <li
        className="menu-item"
      >
        Cola
        <button
          className="add-cart"
          onClick={[Function]}
        >
          add
        </button>
      </li>
    </ol>
    Others
    <ol
      className="menu-item"
    >
      <li
        className="menu-item"
      >
        Ice
        <button
          className="add-cart"
          onClick={[Function]}
        >
          add
        </button>
      </li>
      <li
        className="menu-item"
      >
        Toy
        <button
          className="add-cart"
          onClick={[Function]}
        >
          add
        </button>
      </li>
      <li
        className="menu-item"
      >
        Bag
        <button
          className="add-cart"
          onClick={[Function]}
        >
          add
        </button>
      </li>
    </ol>
  </div>
  <div
    className="cart-container"
  >
    <h2>
      - Cart - 
    </h2>
    <button
      className="clear-cart"
      onClick={[Function]}
    >
      Clear Cart
    </button>
    <button
      className="submit-cart"
      disabled={true}
      onClick={[Function]}
    >
      Submit
    </button>
  </div>
</div>
`;
